// Jest Snapshot v1, https://goo.gl/fbAQLP

exports[`TextInput tests matches snapshot 1`] = `
<section
  className="todo__section"
>
  <div
    className="todo__container"
  >
    <div
      className="todo__content"
    >
      <section
        className="todo__entry--section"
      >
        <div
          className="todo__entry--wrapper"
        >
          <input
            className="todo__input"
            data-testid="input"
            onChange={[Function]}
            placeholder="Enter your task.."
            type="text"
            value=""
          />
          <button
            className="todo__button"
            data-testid="button"
            onClick={[Function]}
          >
            Add
          </button>
        </div>
      </section>
      <div />
      <p>
        Start by adding task, there is no task to show
      </p>
    </div>
  </div>
</section>
`;
