// Jest Snapshot v1, https://goo.gl/fbAQLP

exports[`TextInput tests matches snapshot 1`] = `
<div
  className="todo__container"
>
  <div
    className="todo__content"
  >
    <div
      className="todo__entry--wrapper"
    >
      <input
        className="todo__input"
        data-testid="input"
        onChange={[Function]}
        placeholder="Enter your task.."
        type="text"
        value=""
      />
      <button
        className="todo__button"
        data-testid="button"
        onClick={[Function]}
      >
        Ekle
      </button>
    </div>
    <div />
    <ul
      className="todo__list--container"
    />
  </div>
</div>
`;
