// Jest Snapshot v1, https://goo.gl/fbAQLP

exports[`ToDo tests matches snapshot 1`] = `
<div
  className="todo__container"
>
  <div
    className="todo__content"
  >
    <div
      className="todo__entry--wrapper"
    >
      <input
        className="todo__input"
        data-testid="input"
        onChange={[Function]}
        placeholder="Enter your task.."
        type="text"
        value=""
      />
      <button
        className="todo__button"
        data-testid="button"
        onClick={[Function]}
      >
        Ekle
      </button>
    </div>
    <div />
    <ul
      className="todo__list--container"
    >
      <li
        className="todo__list--item"
      >
        <p
          className="todo__task--checked"
        >
          default 1
        </p>
        <div
          className="todo__actions--container"
        >
          <input
            checked={true}
            className="todo__actions--checkbox"
            id="todoCheckbox"
            onChange={[Function]}
            type="checkbox"
          />
          <div
            className="todo__actions--deleteContainer"
          >
            <img
              alt="default 1"
              className="todo__actions--delete"
              onClick={[Function]}
              src="trash-icon.svg"
            />
          </div>
        </div>
      </li>
      <li
        className="todo__list--item"
      >
        <p
          className="todo__task--notChecked"
        >
          default 2
        </p>
        <div
          className="todo__actions--container"
        >
          <input
            checked={false}
            className="todo__actions--checkbox"
            id="todoCheckbox"
            onChange={[Function]}
            type="checkbox"
          />
          <div
            className="todo__actions--deleteContainer"
          >
            <img
              alt="default 2"
              className="todo__actions--delete"
              onClick={[Function]}
              src="trash-icon.svg"
            />
          </div>
        </div>
      </li>
      <li
        className="todo__list--item"
      >
        <p
          className="todo__task--notChecked"
        >
          default 3
        </p>
        <div
          className="todo__actions--container"
        >
          <input
            checked={false}
            className="todo__actions--checkbox"
            id="todoCheckbox"
            onChange={[Function]}
            type="checkbox"
          />
          <div
            className="todo__actions--deleteContainer"
          >
            <img
              alt="default 3"
              className="todo__actions--delete"
              onClick={[Function]}
              src="trash-icon.svg"
            />
          </div>
        </div>
      </li>
    </ul>
  </div>
</div>
`;
