// Jest Snapshot v1, https://goo.gl/fbAQLP

exports[`ToDo tests matches snapshot 1`] = `
<div
  className="todoContainer"
>
  <div
    className="todoContent"
  >
    <div
      className="todoEntryWrapper"
    >
      <input
        className="todoInput"
        data-testid="input"
        onChange={[Function]}
        type="text"
        value=""
      />
      <button
        className="todoButton"
        data-testid="button"
        onClick={[Function]}
      >
        Ekle
      </button>
    </div>
    <div />
    <ul
      className="todoListContainer"
    >
      <li
        className="todoListItem"
      >
        <p
          className="todoTaskChecked"
        >
          default 1
        </p>
        <div
          className="todoActionsContainer"
        >
          <input
            checked={true}
            className="todoCheckbox"
            onChange={[Function]}
            type="checkbox"
          />
          <button
            className="todoActionsDelete"
            onClick={[Function]}
          >
            -
          </button>
        </div>
      </li>
      <li
        className="todoListItem"
      >
        <p
          className="todoTaskNotChecked"
        >
          default 2
        </p>
        <div
          className="todoActionsContainer"
        >
          <input
            checked={false}
            className="todoCheckbox"
            onChange={[Function]}
            type="checkbox"
          />
          <button
            className="todoActionsDelete"
            onClick={[Function]}
          >
            -
          </button>
        </div>
      </li>
      <li
        className="todoListItem"
      >
        <p
          className="todoTaskNotChecked"
        >
          default 3
        </p>
        <div
          className="todoActionsContainer"
        >
          <input
            checked={false}
            className="todoCheckbox"
            onChange={[Function]}
            type="checkbox"
          />
          <button
            className="todoActionsDelete"
            onClick={[Function]}
          >
            -
          </button>
        </div>
      </li>
    </ul>
  </div>
</div>
`;
