// Jest Snapshot v1, https://goo.gl/fbAQLP

exports[`ToDo tests matches snapshot 1`] = `
<div
  className="todoContainer"
>
  <div
    className="todoContent"
  >
    <div
      className="todoEntryWrapper"
    >
      <input
        className="todoInput"
        data-testid="input"
        onChange={[Function]}
        value=""
      />
      <button
        className="todoButton"
        data-testid="button"
        onClick={[Function]}
      >
        +
      </button>
    </div>
    <div />
    <br />
    <ul>
      <li>
        default 1
      </li>
      <li>
        default 2
      </li>
      <li>
        default 3
      </li>
    </ul>
  </div>
</div>
`;
