// Jest Snapshot v1, https://goo.gl/fbAQLP

exports[`Navbar tests matches snapshot 1`] = `
<nav
  className="navbarContainer"
>
  <h1
    className="navbarTitle"
  >
    My ToDo List
  </h1>
  <p
    className="navbarDescription"
  >
    welcome to todolist with typescript and jest
  </p>
</nav>
`;
